// Jest Snapshot v1, https://goo.gl/fbAQLP

exports[`<Attribute />  exists 1`] = `
.c0 {
  text-align: top;
  line-height: 20px;
  margin-right: 25px;
  font-size: 12px;
  fill: black;
  color: #757280;
  font-weight: 400;
  background-color: transparent;
  border: 0px;
  border-radius: 4px;
  outline: none;
}

.c0:hover {
  background-color: #d5d5d5;
  -webkit-transition: all .8s;
  transition: all .8s;
  cursor: pointer;
}

.c1 {
  display: block;
  margin-left: 5px;
  position: relative;
  float: right;
  line-height: 24px;
}

<Attribute
  iconKey="test"
  text="text"
  value={2}
>
  <styled.button
    clicked={false}
    onClick={[Function]}
  >
    <button
      className="c0"
      onClick={[Function]}
    >
      <svg
        height="24"
        width="24"
        xmlns="http://www.w3.org/2000/svg"
      >
        <path
          d="test"
        />
      </svg>
      <styled.span>
        <span
          className="c1"
        >
             text
          <b>
            2
          </b>
        </span>
      </styled.span>
    </button>
  </styled.button>
</Attribute>
`;

exports[`<Photos />  exists 1`] = `
.c0 {
  margin: 0px 10px 10px 0px;
  border-radius: 4px;
  height: 348px;
  width: 348px;
}

.c1 {
  margin: 0px 10px 10px 0px;
  border-radius: 4px;
  height: 168px;
  width: 168px;
}

<Photos
  photos={
    Array [
      "cat.png",
      "dog.png",
      "bull.png",
    ]
  }
>
  <div>
    <styled.img
      src="cat.png"
    >
      <img
        className="c0"
        src="cat.png"
      />
    </styled.img>
    <styled.img
      src="dog.png"
    >
      <img
        className="c1"
        src="dog.png"
      />
    </styled.img>
    <styled.img
      src="bull.png"
    >
      <img
        className="c1"
        src="bull.png"
      />
    </styled.img>
  </div>
</Photos>
`;
